// Jest Snapshot v1, https://goo.gl/fbAQLP

exports[`casting to bool throws if value is not castable to bool 1`] = `"Cannot cast >><< to Boolean"`;

exports[`casting to bool throws if value is not castable to bool 2`] = `"Cannot cast >>[object Object]<< to Boolean"`;

exports[`casting to bool throws if value is not castable to bool 3`] = `"Cannot cast >>() => {}<< to Boolean"`;

exports[`casting to bool throws if value is not castable to bool 4`] = `"Cannot cast >>example<< to Boolean"`;

exports[`casting to bool throws if value is not castable to bool 5`] = `"Cannot cast >>5<< to Boolean"`;

exports[`casting to string throws if value is not castable to string 1`] = `"Cannot cast >>[object Object]<< to String"`;

exports[`casting to string throws if value is not castable to string 2`] = `"Cannot cast >>() => {}<< to String"`;

exports[`types module casters throws if value is not castable to number 1`] = `"Cannot cast >>hi<< to Number"`;

exports[`types module casters throws if value is not castable to number 2`] = `"Cannot cast >>[object Object]<< to Number"`;
